


ARM Macro Assembler    Page 1 


    1 00000000                 AREA             RESET, CODE, READONLY
    2 00000000                 EXPORT           __Vectors
    3 00000000         
    4 00000000         __Vectors
    5 00000000 10001000        DCD              0x10001000  ; Initial stack poi
                                                            nter value
    6 00000004 00000000        DCD              Reset_Handler ; Reset vector (e
                                                            ntry point)
    7 00000008                 ALIGN
    8 00000008         
    9 00000008                 AREA             mycode, CODE, READONLY
   10 00000000                 ENTRY
   11 00000000                 EXPORT           Reset_Handler
   12 00000000         
   13 00000000         Reset_Handler
   14 00000000 480D            LDR              R0, =NUM1   ; Load address of f
                                                            irst number
   15 00000002 6801            LDR              R1, [R0]    ; Load first number
                                                             into R1
   16 00000004 480D            LDR              R0, =NUM2   ; Load address of s
                                                            econd number
   17 00000006 6802            LDR              R2, [R0]    ; Load second numbe
                                                            r into R2
   18 00000008 FB01 FB02       MUL              R11, R1, R2 ; PRODUCT OF A,B
   19 0000000C 4E0C            LDR              R6, =RESULT
   20 0000000E         
   21 0000000E         GCD_LOOP
   22 0000000E 4291            CMP              R1, R2      ; Compare R1 and R2
                                                            
   23 00000010 BFC8 1A89       SUBGT            R1, R1, R2
   24 00000014 BFB8 1A52       SUBLT            R2, R2, R1
   25 00000018 D1F9            BNE              GCD_LOOP
   26 0000001A         
   27 0000001A 4692            MOV              R10, R2     ;STORES GCD
   28 0000001C         
   29 0000001C         DIV_LOOP
   30 0000001C EBBB 0B0A       SUBS             R11, R10
   31 00000020 F105 0501       ADD              R5, #1
   32 00000024 F1BB 0F00       CMP              R11, #0
   33 00000028 D1F8            BNE              DIV_LOOP    ; Repeat until nume
                                                            rator < denominator
                                                            
   34 0000002A         
   35 0000002A 6035            STR              R5, [R6]
   36 0000002C         
   37 0000002C         STOP
   38 0000002C E7FE            B                STOP        ; Infinite loop to 
                                                            stop execution
   39 0000002E         
   40 0000002E 00 00 0000000C 
                       NUM1    DCD              12          ; First number
   41 00000034 00000012 
                       NUM2    DCD              18          ; Second number
   42 00000038         
   43 00000038 00000000 
              00000000 
              00000000         AREA             result, DATA, READWRITE
   44 00000000 00000000 
                       RESULT  DCD              0           ; Variable to store



ARM Macro Assembler    Page 2 


                                                             the result
   45 00000004         
   46 00000004                 END
Command Line: --debug --xref --cpu=Cortex-M3 --apcs=interwork --depend=sum.d -o
sum.o -IC:\Keil\ARM\RV31\INC -IC:\Keil\ARM\CMSIS\Include -IC:\Keil\ARM\Inc\NXP\
LPC17xx --predefine="__EVAL SETA 1" --list=sum.lst sum.asm



ARM Macro Assembler    Page 1 Alphabetic symbol ordering
Relocatable symbols

RESET 00000000

Symbol: RESET
   Definitions
      At line 1 in file sum.asm
   Uses
      None
Comment: RESET unused
__Vectors 00000000

Symbol: __Vectors
   Definitions
      At line 4 in file sum.asm
   Uses
      At line 2 in file sum.asm
Comment: __Vectors used once
2 symbols



ARM Macro Assembler    Page 1 Alphabetic symbol ordering
Relocatable symbols

DIV_LOOP 0000001C

Symbol: DIV_LOOP
   Definitions
      At line 29 in file sum.asm
   Uses
      At line 33 in file sum.asm
Comment: DIV_LOOP used once
GCD_LOOP 0000000E

Symbol: GCD_LOOP
   Definitions
      At line 21 in file sum.asm
   Uses
      At line 25 in file sum.asm
Comment: GCD_LOOP used once
NUM1 00000030

Symbol: NUM1
   Definitions
      At line 40 in file sum.asm
   Uses
      At line 14 in file sum.asm
Comment: NUM1 used once
NUM2 00000034

Symbol: NUM2
   Definitions
      At line 41 in file sum.asm
   Uses
      At line 16 in file sum.asm
Comment: NUM2 used once
Reset_Handler 00000000

Symbol: Reset_Handler
   Definitions
      At line 13 in file sum.asm
   Uses
      At line 6 in file sum.asm
      At line 11 in file sum.asm

STOP 0000002C

Symbol: STOP
   Definitions
      At line 37 in file sum.asm
   Uses
      At line 38 in file sum.asm
Comment: STOP used once
mycode 00000000

Symbol: mycode
   Definitions
      At line 9 in file sum.asm
   Uses
      None
Comment: mycode unused
7 symbols



ARM Macro Assembler    Page 1 Alphabetic symbol ordering
Relocatable symbols

RESULT 00000000

Symbol: RESULT
   Definitions
      At line 44 in file sum.asm
   Uses
      At line 19 in file sum.asm
Comment: RESULT used once
result 00000000

Symbol: result
   Definitions
      At line 43 in file sum.asm
   Uses
      None
Comment: result unused
2 symbols
344 symbols in table
